BL51 BANKED LINKER/LOCATER V6.22.2.0                                                    12/01/2022  13:47:41  PAGE 1


BL51 BANKED LINKER/LOCATER V6.22.2.0, INVOKED BY:
D:\PROGRAM FILES\KEIL\C51\BIN\BL51.EXE .\Objects\STARTUP.obj, .\Objects\C51toPC.obj TO .\Objects\C51toPC PRINT (.\Listin
>> gs\C51toPC.m51) RAMSIZE (256)


MEMORY MODEL: SMALL


INPUT MODULES INCLUDED:
  .\Objects\STARTUP.obj (?C_STARTUP)
  .\Objects\C51toPC.obj (C51TOPC)
  D:\PROGRAM FILES\KEIL\C51\LIB\C51S.LIB (?C_INIT)
  D:\PROGRAM FILES\KEIL\C51\LIB\C51S.LIB (?C?CLDPTR)


LINK MAP OF MODULE:  .\Objects\C51toPC (?C_STARTUP)


            TYPE    BASE      LENGTH    RELOCATION   SEGMENT NAME
            -----------------------------------------------------

            * * * * * * *   D A T A   M E M O R Y   * * * * * * *
            REG     0000H     0008H     ABSOLUTE     "REG BANK 0"
            DATA    0008H     000EH     UNIT         ?DT?C51TOPC
            DATA    0016H     0003H     UNIT         _DATA_GROUP_
            IDATA   0019H     0001H     UNIT         ?STACK

            * * * * * * *   C O D E   M E M O R Y   * * * * * * *
            CODE    0000H     0003H     ABSOLUTE     
            CODE    0003H     008CH     UNIT         ?C_C51STARTUP
            CODE    008FH     0025H     UNIT         ?PR?_UART_SEND_STRING?C51TOPC
            CODE    00B4H     0019H     UNIT         ?C?LIB_CODE
            CODE    00CDH     0015H     UNIT         ?PR?MAIN?C51TOPC
            CODE    00E2H     0011H     UNIT         ?C_INITSEG
            CODE    00F3H     000FH     UNIT         ?PR?UART_INIT?C51TOPC
            CODE    0102H     000BH     UNIT         ?PR?_DELAY?C51TOPC
            CODE    010DH     0008H     UNIT         ?PR?_UART_SEND_BYTE?C51TOPC



OVERLAY MAP OF MODULE:   .\Objects\C51toPC (?C_STARTUP)


SEGMENT                                 DATA_GROUP 
  +--> CALLED SEGMENT                 START    LENGTH
-----------------------------------------------------
?C_C51STARTUP                         -----    -----
  +--> ?PR?MAIN?C51TOPC
  +--> ?C_INITSEG

?PR?MAIN?C51TOPC                      -----    -----
  +--> ?PR?UART_INIT?C51TOPC
  +--> ?PR?_UART_SEND_STRING?C51TOPC
  +--> ?PR?_DELAY?C51TOPC

?PR?_UART_SEND_STRING?C51TOPC         0016H    0003H
  +--> ?PR?_UART_SEND_BYTE?C51TOPC

BL51 BANKED LINKER/LOCATER V6.22.2.0                                                  12/01/2022  13:47:41  PAGE 2




SYMBOL TABLE OF MODULE:  .\Objects\C51toPC (?C_STARTUP)

  VALUE           TYPE          NAME
  ----------------------------------

  -------         MODULE        ?C_STARTUP
  C:0003H         SEGMENT       ?C_C51STARTUP
  I:0019H         SEGMENT       ?STACK
  C:0000H         PUBLIC        ?C_STARTUP
  D:00E0H         SYMBOL        ACC
  D:00F0H         SYMBOL        B
  D:0083H         SYMBOL        DPH
  D:0082H         SYMBOL        DPL
  N:0000H         SYMBOL        IBPSTACK
  N:0100H         SYMBOL        IBPSTACKTOP
  N:0080H         SYMBOL        IDATALEN
  C:0006H         SYMBOL        IDATALOOP
  N:0000H         SYMBOL        PBPSTACK
  N:0100H         SYMBOL        PBPSTACKTOP
  N:0000H         SYMBOL        PDATALEN
  N:0000H         SYMBOL        PDATASTART
  N:0000H         SYMBOL        PPAGE
  N:0000H         SYMBOL        PPAGEENABLE
  D:00A0H         SYMBOL        PPAGE_SFR
  D:0081H         SYMBOL        SP
  C:0003H         SYMBOL        STARTUP1
  N:0000H         SYMBOL        XBPSTACK
  N:0000H         SYMBOL        XBPSTACKTOP
  N:0000H         SYMBOL        XDATALEN
  N:0000H         SYMBOL        XDATASTART
  C:0000H         LINE#         126
  C:0003H         LINE#         133
  C:0005H         LINE#         134
  C:0006H         LINE#         135
  C:0007H         LINE#         136
  C:0009H         LINE#         185
  C:000CH         LINE#         196
  -------         ENDMOD        ?C_STARTUP

  -------         MODULE        C51TOPC
  C:0000H         SYMBOL        _ICE_DUMMY_
  C:0102H         PUBLIC        _delay
  B:0098H.1       PUBLIC        TI
  D:0008H         PUBLIC        Buf
  C:00CDH         PUBLIC        main
  D:0099H         PUBLIC        SBUF
  D:0098H         PUBLIC        SCON
  D:0089H         PUBLIC        TMOD
  C:008FH         PUBLIC        _UART_send_string
  D:008DH         PUBLIC        TH1
  D:008BH         PUBLIC        TL1
  C:00F3H         PUBLIC        UART_init
  B:0088H.6       PUBLIC        TR1
  C:010DH         PUBLIC        _UART_send_byte
  -------         PROC          _DELAY
BL51 BANKED LINKER/LOCATER V6.22.2.0                                                  12/01/2022  13:47:41  PAGE 3


  D:0006H         SYMBOL        n
  C:0102H         LINE#         8
  C:0102H         LINE#         9
  C:0102H         LINE#         10
  C:010CH         LINE#         11
  -------         ENDPROC       _DELAY
  -------         PROC          UART_INIT
  C:00F3H         LINE#         14
  C:00F3H         LINE#         15
  C:00F3H         LINE#         16
  C:00F6H         LINE#         18
  C:00F9H         LINE#         19
  C:00FCH         LINE#         20
  C:00FFH         LINE#         22
  C:0101H         LINE#         23
  -------         ENDPROC       UART_INIT
  -------         PROC          _UART_SEND_BYTE
  D:0007H         SYMBOL        dat
  C:010DH         LINE#         26
  C:010DH         LINE#         27
  C:010FH         LINE#         28
  C:0112H         LINE#         29
  C:0114H         LINE#         30
  -------         ENDPROC       _UART_SEND_BYTE
  -------         PROC          _UART_SEND_STRING
  D:0016H         SYMBOL        buf
  C:008FH         LINE#         33
  C:0095H         LINE#         34
  C:0095H         LINE#         35
  C:00A0H         LINE#         36
  C:00A0H         LINE#         37
  C:00B1H         LINE#         38
  C:00B3H         LINE#         39
  -------         ENDPROC       _UART_SEND_STRING
  -------         PROC          MAIN
  C:00CDH         LINE#         41
  C:00CDH         LINE#         42
  C:00CDH         LINE#         43
  C:00D0H         LINE#         45
  C:00D0H         LINE#         46
  C:00D0H         LINE#         48
  C:00D9H         LINE#         49
  C:00E0H         LINE#         50
  -------         ENDPROC       MAIN
  -------         ENDMOD        C51TOPC

  -------         MODULE        ?C?CLDPTR
  C:00B4H         PUBLIC        ?C?CLDPTR
  -------         ENDMOD        ?C?CLDPTR

Program Size: data=26.0 xdata=0 code=277
LINK/LOCATE RUN COMPLETE.  0 WARNING(S),  0 ERROR(S)
