BL51 BANKED LINKER/LOCATER V6.22.2.0                                                    11/21/2022  18:52:37  PAGE 1


BL51 BANKED LINKER/LOCATER V6.22.2.0, INVOKED BY:
D:\PROGRAM FILES\KEIL\C51\BIN\BL51.EXE .\Objects\STARTUP.obj, .\Objects\PCtoC51.obj TO .\Objects\PCtoC51 PRINT (.\Listin
>> gs\PCtoC51.m51) RAMSIZE (256)


MEMORY MODEL: SMALL


INPUT MODULES INCLUDED:
  .\Objects\STARTUP.obj (?C_STARTUP)
  .\Objects\PCtoC51.obj (PCTOC51)


LINK MAP OF MODULE:  .\Objects\PCtoC51 (?C_STARTUP)


            TYPE    BASE      LENGTH    RELOCATION   SEGMENT NAME
            -----------------------------------------------------

            * * * * * * *   D A T A   M E M O R Y   * * * * * * *
            REG     0000H     0008H     ABSOLUTE     "REG BANK 0"
            DATA    0008H     0001H     UNIT         ?DT?PCTOC51
            IDATA   0009H     0001H     UNIT         ?STACK

            * * * * * * *   C O D E   M E M O R Y   * * * * * * *
            CODE    0000H     0003H     ABSOLUTE     
            CODE    0003H     000CH     UNIT         ?C_C51STARTUP
                    000FH     0014H                  *** GAP ***
            CODE    0023H     0003H     ABSOLUTE     
            CODE    0026H     0073H     UNIT         ?PR?SERIAL?PCTOC51
            CODE    0099H     0021H     UNIT         ?PR?MAIN?PCTOC51



OVERLAY MAP OF MODULE:   .\Objects\PCtoC51 (?C_STARTUP)


SEGMENT
  +--> CALLED SEGMENT
---------------------
?C_C51STARTUP
  +--> ?PR?MAIN?PCTOC51



SYMBOL TABLE OF MODULE:  .\Objects\PCtoC51 (?C_STARTUP)

  VALUE           TYPE          NAME
  ----------------------------------

  -------         MODULE        ?C_STARTUP
  C:0003H         SEGMENT       ?C_C51STARTUP
  I:0009H         SEGMENT       ?STACK
  C:0000H         PUBLIC        ?C_STARTUP
  D:00E0H         SYMBOL        ACC
  D:00F0H         SYMBOL        B
  D:0083H         SYMBOL        DPH
  D:0082H         SYMBOL        DPL
BL51 BANKED LINKER/LOCATER V6.22.2.0                                                  11/21/2022  18:52:37  PAGE 2


  N:0000H         SYMBOL        IBPSTACK
  N:0100H         SYMBOL        IBPSTACKTOP
  N:0080H         SYMBOL        IDATALEN
  C:0006H         SYMBOL        IDATALOOP
  N:0000H         SYMBOL        PBPSTACK
  N:0100H         SYMBOL        PBPSTACKTOP
  N:0000H         SYMBOL        PDATALEN
  N:0000H         SYMBOL        PDATASTART
  N:0000H         SYMBOL        PPAGE
  N:0000H         SYMBOL        PPAGEENABLE
  D:00A0H         SYMBOL        PPAGE_SFR
  D:0081H         SYMBOL        SP
  C:0003H         SYMBOL        STARTUP1
  N:0000H         SYMBOL        XBPSTACK
  N:0000H         SYMBOL        XBPSTACKTOP
  N:0000H         SYMBOL        XDATALEN
  N:0000H         SYMBOL        XDATASTART
  C:0000H         LINE#         126
  C:0003H         LINE#         133
  C:0005H         LINE#         134
  C:0006H         LINE#         135
  C:0007H         LINE#         136
  C:0009H         LINE#         185
  C:000CH         LINE#         196
  -------         ENDMOD        ?C_STARTUP

  -------         MODULE        PCTOC51
  C:0000H         SYMBOL        _ICE_DUMMY_
  D:0080H         PUBLIC        P0
  D:0090H         PUBLIC        P1
  D:00B0H         PUBLIC        P3
  C:0026H         PUBLIC        serial
  B:00A8H.7       PUBLIC        EA
  D:00A8H         PUBLIC        IE
  B:00A8H.4       PUBLIC        ES
  D:00B8H         PUBLIC        IP
  B:0098H.0       PUBLIC        RI
  C:0099H         PUBLIC        main
  D:0099H         PUBLIC        SBUF
  D:0087H         PUBLIC        PCON
  D:0098H         PUBLIC        SCON
  D:0089H         PUBLIC        TMOD
  D:0088H         PUBLIC        TCON
  D:0008H         PUBLIC        buf
  B:0090H.0       PUBLIC        ADDR0
  B:0090H.1       PUBLIC        ADDR1
  D:008DH         PUBLIC        TH1
  B:0090H.2       PUBLIC        ADDR2
  B:0090H.3       PUBLIC        ADDR3
  D:008BH         PUBLIC        TL1
  B:0088H.6       PUBLIC        TR1
  D:00C8H         PUBLIC        T2CON
  B:0090H.4       PUBLIC        ENLED
  D:00D0H         PUBLIC        PSW
  -------         PROC          MAIN
  C:0099H         LINE#         12
  C:0099H         LINE#         13
BL51 BANKED LINKER/LOCATER V6.22.2.0                                                  11/21/2022  18:52:37  PAGE 3


  C:0099H         LINE#         14
  C:009BH         LINE#         15
  C:009DH         LINE#         17
  C:009FH         LINE#         18
  C:00A1H         LINE#         19
  C:00A3H         LINE#         21
  C:00A6H         LINE#         22
  C:00A9H         LINE#         23
  C:00ACH         LINE#         24
  C:00AEH         LINE#         25
  C:00B0H         LINE#         26
  C:00B3H         LINE#         27
  C:00B6H         LINE#         28
  C:00B8H         LINE#         29
  -------         ENDPROC       MAIN
  -------         PROC          SERIAL
  C:0026H         LINE#         33
  C:0030H         LINE#         35
  C:0032H         LINE#         36
  C:0034H         LINE#         37
  C:0037H         LINE#         38
  C:0066H         LINE#         39
  C:0066H         LINE#         40
  C:006BH         LINE#         41
  C:0070H         LINE#         42
  C:0075H         LINE#         43
  C:007AH         LINE#         44
  C:007FH         LINE#         45
  C:0084H         LINE#         46
  C:0089H         LINE#         47
  C:008CH         LINE#         48
  C:008CH         LINE#         49
  C:008EH         LINE#         51
  -------         ENDPROC       SERIAL
  -------         ENDMOD        PCTOC51

Program Size: data=10.0 xdata=0 code=166
LINK/LOCATE RUN COMPLETE.  0 WARNING(S),  0 ERROR(S)
